python : Python 3.10.11 (tags/v3.10.11:7d4cc5a, Apr  5 2023, 00:38:17) [MSC v.1929 64 bit (AMD64)]
At line:1 char:1
+ python web2py.py --verbose --run_system_tests 2>&1 > test_output.txt; ...
+ ~~~~~~~~~~~~~~~~~~~~~~~~~~~~~~~~~~~~~~~~~~~~~~~~~~~~~~~~~~~~~~~~~~~~
    + CategoryInfo          : NotSpecified: (Python 3.10.11 ...64 bit (AMD64)]:String) [], RemoteException
    + FullyQualifiedErrorId : NativeCommandError
 
ERROR:web2py.redis_utils:Needs redis library to work
Traceback (most recent call last):
  File "D:\web2py\gluon\contrib\redis_utils.py", line 22, in <module>
    import redis
ModuleNotFoundError: No module named 'redis'

During handling of the above exception, another exception occurred:

Traceback (most recent call last):
  File "C:\Users\akibs\AppData\Local\Programs\Python\Python310\lib\runpy.py", line 196, in _run_module_as_main
    return _run_code(code, main_globals, None,
  File "C:\Users\akibs\AppData\Local\Programs\Python\Python310\lib\runpy.py", line 86, in _run_code
    exec(code, run_globals)
  File "C:\Users\akibs\AppData\Local\Programs\Python\Python310\lib\unittest\__main__.py", line 18, in <module>
    main(module=None)
  File "C:\Users\akibs\AppData\Local\Programs\Python\Python310\lib\unittest\main.py", line 100, in __init__
    self.parseArgs(argv)
  File "C:\Users\akibs\AppData\Local\Programs\Python\Python310\lib\unittest\main.py", line 147, in parseArgs
    self.createTests()
  File "C:\Users\akibs\AppData\Local\Programs\Python\Python310\lib\unittest\main.py", line 158, in createTests
    self.test = self.testLoader.loadTestsFromNames(self.testNames,
  File "C:\Users\akibs\AppData\Local\Programs\Python\Python310\lib\unittest\loader.py", line 220, in 
loadTestsFromNames
    suites = [self.loadTestsFromName(name, module) for name in names]
  File "C:\Users\akibs\AppData\Local\Programs\Python\Python310\lib\unittest\loader.py", line 220, in <listcomp>
    suites = [self.loadTestsFromName(name, module) for name in names]
  File "C:\Users\akibs\AppData\Local\Programs\Python\Python310\lib\unittest\loader.py", line 154, in 
loadTestsFromName
    module = __import__(module_name)
  File "D:\web2py\gluon\tests\__init__.py", line 16, in <module>
    from .test_redis import *
  File "D:\web2py\gluon\tests\test_redis.py", line 10, in <module>
    from gluon.contrib.redis_cache import RedisCache
  File "D:\web2py\gluon\contrib\redis_cache.py", line 19, in <module>
    from gluon.contrib.redis_utils import (RConnectionError, acquire_lock,
  File "D:\web2py\gluon\contrib\redis_utils.py", line 27, in <module>
    raise RuntimeError("Needs redis library to work")
RuntimeError: Needs redis library to work
